Archive member included to satisfy reference by file (symbol)

c:/program files (x86)/atmel/studio/7.0/toolchain/avr8/avr8-gnu-toolchain/bin/../lib/gcc/avr/5.4.0/avr5\libgcc.a(_udivmodhi4.o)
                              lib/queue.o (__udivmodhi4)
c:/program files (x86)/atmel/studio/7.0/toolchain/avr8/avr8-gnu-toolchain/bin/../lib/gcc/avr/5.4.0/avr5\libgcc.a(_exit.o)
                              C:/Program Files (x86)/Atmel/Studio/7.0/Packs/atmel/ATmega_DFP/1.6.364/gcc/dev/atmega32/avr5/crtatmega32.o (exit)
c:/program files (x86)/atmel/studio/7.0/toolchain/avr8/avr8-gnu-toolchain/bin/../lib/gcc/avr/5.4.0/avr5\libgcc.a(_copy_data.o)
                              lib/tasks.o (__do_copy_data)
c:/program files (x86)/atmel/studio/7.0/toolchain/avr8/avr8-gnu-toolchain/bin/../lib/gcc/avr/5.4.0/avr5\libgcc.a(_clear_bss.o)
                              lib/heap_1.o (__do_clear_bss)
c:/program files (x86)/atmel/studio/7.0/toolchain/avr8/avr8-gnu-toolchain/bin/../lib/gcc/avr/5.4.0/../../../../avr/lib/avr5\libc.a(memcpy.o)
                              lib/queue.o (memcpy)

Discarded input sections

 .data          0x00000000        0x0 C:/Program Files (x86)/Atmel/Studio/7.0/Packs/atmel/ATmega_DFP/1.6.364/gcc/dev/atmega32/avr5/crtatmega32.o
 .bss           0x00000000        0x0 C:/Program Files (x86)/Atmel/Studio/7.0/Packs/atmel/ATmega_DFP/1.6.364/gcc/dev/atmega32/avr5/crtatmega32.o
 .text          0x00000000        0x0 lib/croutine.o
 .data          0x00000000        0x0 lib/croutine.o
 .bss           0x00000000        0x0 lib/croutine.o
 .debug_info    0x00000000       0x64 lib/croutine.o
 .debug_abbrev  0x00000000       0x26 lib/croutine.o
 .debug_aranges
                0x00000000       0x18 lib/croutine.o
 .debug_line    0x00000000       0x1a lib/croutine.o
 .debug_str     0x00000000      0x176 lib/croutine.o
 .comment       0x00000000       0x31 lib/croutine.o
 .text          0x00000000        0x0 lib/event_groups.o
 .data          0x00000000        0x0 lib/event_groups.o
 .bss           0x00000000        0x0 lib/event_groups.o
 .text.prvTestWaitCondition
                0x00000000       0x26 lib/event_groups.o
 .text.xEventGroupCreate
                0x00000000       0x26 lib/event_groups.o
 .text.xEventGroupWaitBits
                0x00000000       0xe4 lib/event_groups.o
 .text.xEventGroupClearBits
                0x00000000       0x1e lib/event_groups.o
 .text.xEventGroupGetBitsFromISR
                0x00000000        0x8 lib/event_groups.o
 .text.xEventGroupSetBits
                0x00000000       0xc8 lib/event_groups.o
 .text.xEventGroupSync
                0x00000000       0xd6 lib/event_groups.o
 .text.vEventGroupDelete
                0x00000000       0x2e lib/event_groups.o
 .text.vEventGroupSetBitsCallback
                0x00000000        0x8 lib/event_groups.o
 .text.vEventGroupClearBitsCallback
                0x00000000        0x8 lib/event_groups.o
 .debug_info    0x00000000      0x8df lib/event_groups.o
 .debug_abbrev  0x00000000      0x1dc lib/event_groups.o
 .debug_loc     0x00000000      0xb41 lib/event_groups.o
 .debug_aranges
                0x00000000       0x68 lib/event_groups.o
 .debug_ranges  0x00000000       0x70 lib/event_groups.o
 .debug_line    0x00000000      0x449 lib/event_groups.o
 .debug_str     0x00000000      0x58a lib/event_groups.o
 .comment       0x00000000       0x31 lib/event_groups.o
 .debug_frame   0x00000000      0x15c lib/event_groups.o
 .text          0x00000000        0x0 lib/heap_1.o
 .data          0x00000000        0x0 lib/heap_1.o
 .bss           0x00000000        0x0 lib/heap_1.o
 .text.vPortInitialiseBlocks
                0x00000000        0xa lib/heap_1.o
 .text.xPortGetFreeHeapSize
                0x00000000       0x12 lib/heap_1.o
 .text          0x00000000        0x0 lib/list.o
 .data          0x00000000        0x0 lib/list.o
 .bss           0x00000000        0x0 lib/list.o
 .text.vListInsertEnd
                0x00000000       0x42 lib/list.o
 .text.vListInsert
                0x00000000       0x62 lib/list.o
 .text          0x00000000        0x0 lib/port.o
 .data          0x00000000        0x0 lib/port.o
 .bss           0x00000000        0x0 lib/port.o
 .text.vPortEndScheduler
                0x00000000        0x2 lib/port.o
 .text          0x00000000        0x0 lib/queue.o
 .data          0x00000000        0x0 lib/queue.o
 .bss           0x00000000        0x0 lib/queue.o
 .text.prvIsQueueEmpty
                0x00000000       0x1a lib/queue.o
 .text.prvIsQueueFull
                0x00000000       0x1c lib/queue.o
 .text.prvCopyDataToQueue
                0x00000000       0x92 lib/queue.o
 .text.prvCopyDataFromQueue
                0x00000000       0x34 lib/queue.o
 .text.prvUnlockQueue
                0x00000000       0x68 lib/queue.o
 .text.xQueueGenericReset
                0x00000000       0xc0 lib/queue.o
 .text.prvInitialiseNewQueue
                0x00000000       0x26 lib/queue.o
 .text.xQueueGenericCreate
                0x00000000       0x82 lib/queue.o
 .text.xQueueGenericSend
                0x00000000      0x124 lib/queue.o
 .text.xQueueGenericSendFromISR
                0x00000000       0x78 lib/queue.o
 .text.xQueueGiveFromISR
                0x00000000       0x52 lib/queue.o
 .text.xQueueReceive
                0x00000000      0x11e lib/queue.o
 .text.xQueueSemaphoreTake
                0x00000000      0x106 lib/queue.o
 .text.xQueuePeek
                0x00000000      0x122 lib/queue.o
 .text.xQueueReceiveFromISR
                0x00000000       0x6e lib/queue.o
 .text.xQueuePeekFromISR
                0x00000000       0x2e lib/queue.o
 .text.uxQueueMessagesWaiting
                0x00000000       0x10 lib/queue.o
 .text.uxQueueSpacesAvailable
                0x00000000       0x16 lib/queue.o
 .text.uxQueueMessagesWaitingFromISR
                0x00000000        0x6 lib/queue.o
 .text.vQueueDelete
                0x00000000        0x6 lib/queue.o
 .text.xQueueIsQueueEmptyFromISR
                0x00000000       0x10 lib/queue.o
 .text.xQueueIsQueueFullFromISR
                0x00000000       0x12 lib/queue.o
 .debug_info    0x00000000     0x1478 lib/queue.o
 .debug_abbrev  0x00000000      0x227 lib/queue.o
 .debug_loc     0x00000000     0x1818 lib/queue.o
 .debug_aranges
                0x00000000       0xc8 lib/queue.o
 .debug_ranges  0x00000000      0x100 lib/queue.o
 .debug_line    0x00000000      0xac2 lib/queue.o
 .debug_str     0x00000000      0x776 lib/queue.o
 .comment       0x00000000       0x31 lib/queue.o
 .debug_frame   0x00000000      0x2ec lib/queue.o
 .text          0x00000000        0x0 lib/stream_buffer.o
 .data          0x00000000        0x0 lib/stream_buffer.o
 .bss           0x00000000        0x0 lib/stream_buffer.o
 .text.prvBytesInBuffer
                0x00000000       0x26 lib/stream_buffer.o
 .text.prvInitialiseNewStreamBuffer
                0x00000000       0x20 lib/stream_buffer.o
 .text.prvWriteBytesToBuffer
                0x00000000       0x88 lib/stream_buffer.o
 .text.prvWriteMessageToBuffer
                0x00000000       0x90 lib/stream_buffer.o
 .text.prvReadBytesFromBuffer
                0x00000000       0x88 lib/stream_buffer.o
 .text.prvReadMessageFromBuffer
                0x00000000       0x90 lib/stream_buffer.o
 .text.xStreamBufferGenericCreate
                0x00000000       0x68 lib/stream_buffer.o
 .text.vStreamBufferDelete
                0x00000000       0x1a lib/stream_buffer.o
 .text.xStreamBufferReset
                0x00000000       0x3e lib/stream_buffer.o
 .text.xStreamBufferSetTriggerLevel
                0x00000000       0x22 lib/stream_buffer.o
 .text.xStreamBufferSpacesAvailable
                0x00000000       0x34 lib/stream_buffer.o
 .text.xStreamBufferBytesAvailable
                0x00000000        0x6 lib/stream_buffer.o
 .text.xStreamBufferSend
                0x00000000      0x174 lib/stream_buffer.o
 .text.xStreamBufferSendFromISR
                0x00000000       0x8e lib/stream_buffer.o
 .text.xStreamBufferReceive
                0x00000000      0x102 lib/stream_buffer.o
 .text.xStreamBufferNextMessageLengthBytes
                0x00000000       0x54 lib/stream_buffer.o
 .text.xStreamBufferReceiveFromISR
                0x00000000       0x8a lib/stream_buffer.o
 .text.xStreamBufferIsEmpty
                0x00000000       0x18 lib/stream_buffer.o
 .text.xStreamBufferIsFull
                0x00000000       0x2c lib/stream_buffer.o
 .text.xStreamBufferSendCompletedFromISR
                0x00000000       0x4c lib/stream_buffer.o
 .text.xStreamBufferReceiveCompletedFromISR
                0x00000000       0x4c lib/stream_buffer.o
 .debug_info    0x00000000     0x12b9 lib/stream_buffer.o
 .debug_abbrev  0x00000000      0x22a lib/stream_buffer.o
 .debug_loc     0x00000000     0x1bac lib/stream_buffer.o
 .debug_aranges
                0x00000000       0xc0 lib/stream_buffer.o
 .debug_ranges  0x00000000       0xb0 lib/stream_buffer.o
 .debug_line    0x00000000      0x7b6 lib/stream_buffer.o
 .debug_str     0x00000000      0x7ab lib/stream_buffer.o
 .comment       0x00000000       0x31 lib/stream_buffer.o
 .debug_frame   0x00000000      0x3e8 lib/stream_buffer.o
 .text          0x00000000        0x0 lib/tasks.o
 .data          0x00000000        0x0 lib/tasks.o
 .bss           0x00000000        0x0 lib/tasks.o
 .text.prvAddCurrentTaskToDelayedList
                0x00000000       0x88 lib/tasks.o
 .text.vTaskDelete
                0x00000000       0xa2 lib/tasks.o
 .text.vTaskEndScheduler
                0x00000000        0xc lib/tasks.o
 .text.xTaskGetTickCount
                0x00000000       0x14 lib/tasks.o
 .text.xTaskGetTickCountFromISR
                0x00000000        0xa lib/tasks.o
 .text.uxTaskGetNumberOfTasks
                0x00000000        0x6 lib/tasks.o
 .text.pcTaskGetName
                0x00000000       0x10 lib/tasks.o
 .text.xTaskDelayUntil
                0x00000000       0x84 lib/tasks.o
 .text.vTaskDelay
                0x00000000       0x2c lib/tasks.o
 .text.xTaskCatchUpTicks
                0x00000000       0x28 lib/tasks.o
 .text.vTaskPlaceOnEventList
                0x00000000       0x24 lib/tasks.o
 .text.vTaskPlaceOnUnorderedEventList
                0x00000000       0x8c lib/tasks.o
 .text.xTaskRemoveFromEventList
                0x00000000      0x17a lib/tasks.o
 .text.vTaskRemoveFromUnorderedEventList
                0x00000000      0x14c lib/tasks.o
 .text.vTaskSetTimeOutState
                0x00000000       0x20 lib/tasks.o
 .text.vTaskInternalSetTimeOutState
                0x00000000       0x16 lib/tasks.o
 .text.xTaskCheckForTimeOut
                0x00000000       0x64 lib/tasks.o
 .text.vTaskMissedYield
                0x00000000        0x8 lib/tasks.o
 .text.uxTaskResetEventItemValue
                0x00000000       0x2e lib/tasks.o
 .text.ulTaskGenericNotifyTake
                0x00000000      0x106 lib/tasks.o
 .text.xTaskGenericNotifyWait
                0x00000000      0x142 lib/tasks.o
 .text.xTaskGenericNotify
                0x00000000      0x20a lib/tasks.o
 .text.xTaskGenericNotifyFromISR
                0x00000000      0x260 lib/tasks.o
 .text.vTaskGenericNotifyGiveFromISR
                0x00000000      0x194 lib/tasks.o
 .text.xTaskGenericNotifyStateClear
                0x00000000       0x34 lib/tasks.o
 .text.ulTaskGenericNotifyValueClear
                0x00000000       0x6c lib/tasks.o
 .text          0x00000000        0x0 lib/timers.o
 .data          0x00000000        0x0 lib/timers.o
 .bss           0x00000000        0x0 lib/timers.o
 .debug_info    0x00000000       0x64 lib/timers.o
 .debug_abbrev  0x00000000       0x26 lib/timers.o
 .debug_aranges
                0x00000000       0x18 lib/timers.o
 .debug_line    0x00000000       0x1a lib/timers.o
 .debug_str     0x00000000      0x174 lib/timers.o
 .comment       0x00000000       0x31 lib/timers.o
 .text          0x00000000        0x0 src/uCConfig/uCConfigPorts.o
 .data          0x00000000        0x0 src/uCConfig/uCConfigPorts.o
 .bss           0x00000000        0x0 src/uCConfig/uCConfigPorts.o
 .text          0x00000000        0x0 src/module/moduleStartTasks.o
 .data          0x00000000        0x0 src/module/moduleStartTasks.o
 .bss           0x00000000        0x0 src/module/moduleStartTasks.o
 .text          0x00000000        0x0 src/module/module.o
 .data          0x00000000        0x0 src/module/module.o
 .bss           0x00000000        0x0 src/module/module.o
 .text          0x00000000        0x0 test/FreeRTOSmain.o
 .data          0x00000000        0x0 test/FreeRTOSmain.o
 .bss           0x00000000        0x0 test/FreeRTOSmain.o
 .text          0x00000000        0x0 c:/program files (x86)/atmel/studio/7.0/toolchain/avr8/avr8-gnu-toolchain/bin/../lib/gcc/avr/5.4.0/avr5\libgcc.a(_udivmodhi4.o)
 .data          0x00000000        0x0 c:/program files (x86)/atmel/studio/7.0/toolchain/avr8/avr8-gnu-toolchain/bin/../lib/gcc/avr/5.4.0/avr5\libgcc.a(_udivmodhi4.o)
 .bss           0x00000000        0x0 c:/program files (x86)/atmel/studio/7.0/toolchain/avr8/avr8-gnu-toolchain/bin/../lib/gcc/avr/5.4.0/avr5\libgcc.a(_udivmodhi4.o)
 .text.libgcc.mul
                0x00000000        0x0 c:/program files (x86)/atmel/studio/7.0/toolchain/avr8/avr8-gnu-toolchain/bin/../lib/gcc/avr/5.4.0/avr5\libgcc.a(_udivmodhi4.o)
 .text.libgcc.div
                0x00000000       0x28 c:/program files (x86)/atmel/studio/7.0/toolchain/avr8/avr8-gnu-toolchain/bin/../lib/gcc/avr/5.4.0/avr5\libgcc.a(_udivmodhi4.o)
 .text.libgcc   0x00000000        0x0 c:/program files (x86)/atmel/studio/7.0/toolchain/avr8/avr8-gnu-toolchain/bin/../lib/gcc/avr/5.4.0/avr5\libgcc.a(_udivmodhi4.o)
 .text.libgcc.prologue
                0x00000000        0x0 c:/program files (x86)/atmel/studio/7.0/toolchain/avr8/avr8-gnu-toolchain/bin/../lib/gcc/avr/5.4.0/avr5\libgcc.a(_udivmodhi4.o)
 .text.libgcc.builtins
                0x00000000        0x0 c:/program files (x86)/atmel/studio/7.0/toolchain/avr8/avr8-gnu-toolchain/bin/../lib/gcc/avr/5.4.0/avr5\libgcc.a(_udivmodhi4.o)
 .text.libgcc.fmul
                0x00000000        0x0 c:/program files (x86)/atmel/studio/7.0/toolchain/avr8/avr8-gnu-toolchain/bin/../lib/gcc/avr/5.4.0/avr5\libgcc.a(_udivmodhi4.o)
 .text.libgcc.fixed
                0x00000000        0x0 c:/program files (x86)/atmel/studio/7.0/toolchain/avr8/avr8-gnu-toolchain/bin/../lib/gcc/avr/5.4.0/avr5\libgcc.a(_udivmodhi4.o)
 .text          0x00000000        0x0 c:/program files (x86)/atmel/studio/7.0/toolchain/avr8/avr8-gnu-toolchain/bin/../lib/gcc/avr/5.4.0/avr5\libgcc.a(_exit.o)
 .data          0x00000000        0x0 c:/program files (x86)/atmel/studio/7.0/toolchain/avr8/avr8-gnu-toolchain/bin/../lib/gcc/avr/5.4.0/avr5\libgcc.a(_exit.o)
 .bss           0x00000000        0x0 c:/program files (x86)/atmel/studio/7.0/toolchain/avr8/avr8-gnu-toolchain/bin/../lib/gcc/avr/5.4.0/avr5\libgcc.a(_exit.o)
 .text.libgcc.mul
                0x00000000        0x0 c:/program files (x86)/atmel/studio/7.0/toolchain/avr8/avr8-gnu-toolchain/bin/../lib/gcc/avr/5.4.0/avr5\libgcc.a(_exit.o)
 .text.libgcc.div
                0x00000000        0x0 c:/program files (x86)/atmel/studio/7.0/toolchain/avr8/avr8-gnu-toolchain/bin/../lib/gcc/avr/5.4.0/avr5\libgcc.a(_exit.o)
 .text.libgcc   0x00000000        0x0 c:/program files (x86)/atmel/studio/7.0/toolchain/avr8/avr8-gnu-toolchain/bin/../lib/gcc/avr/5.4.0/avr5\libgcc.a(_exit.o)
 .text.libgcc.prologue
                0x00000000        0x0 c:/program files (x86)/atmel/studio/7.0/toolchain/avr8/avr8-gnu-toolchain/bin/../lib/gcc/avr/5.4.0/avr5\libgcc.a(_exit.o)
 .text.libgcc.builtins
                0x00000000        0x0 c:/program files (x86)/atmel/studio/7.0/toolchain/avr8/avr8-gnu-toolchain/bin/../lib/gcc/avr/5.4.0/avr5\libgcc.a(_exit.o)
 .text.libgcc.fmul
                0x00000000        0x0 c:/program files (x86)/atmel/studio/7.0/toolchain/avr8/avr8-gnu-toolchain/bin/../lib/gcc/avr/5.4.0/avr5\libgcc.a(_exit.o)
 .text.libgcc.fixed
                0x00000000        0x0 c:/program files (x86)/atmel/studio/7.0/toolchain/avr8/avr8-gnu-toolchain/bin/../lib/gcc/avr/5.4.0/avr5\libgcc.a(_exit.o)
 .text          0x00000000        0x0 c:/program files (x86)/atmel/studio/7.0/toolchain/avr8/avr8-gnu-toolchain/bin/../lib/gcc/avr/5.4.0/avr5\libgcc.a(_copy_data.o)
 .data          0x00000000        0x0 c:/program files (x86)/atmel/studio/7.0/toolchain/avr8/avr8-gnu-toolchain/bin/../lib/gcc/avr/5.4.0/avr5\libgcc.a(_copy_data.o)
 .bss           0x00000000        0x0 c:/program files (x86)/atmel/studio/7.0/toolchain/avr8/avr8-gnu-toolchain/bin/../lib/gcc/avr/5.4.0/avr5\libgcc.a(_copy_data.o)
 .text.libgcc.mul
                0x00000000        0x0 c:/program files (x86)/atmel/studio/7.0/toolchain/avr8/avr8-gnu-toolchain/bin/../lib/gcc/avr/5.4.0/avr5\libgcc.a(_copy_data.o)
 .text.libgcc.div
                0x00000000        0x0 c:/program files (x86)/atmel/studio/7.0/toolchain/avr8/avr8-gnu-toolchain/bin/../lib/gcc/avr/5.4.0/avr5\libgcc.a(_copy_data.o)
 .text.libgcc   0x00000000        0x0 c:/program files (x86)/atmel/studio/7.0/toolchain/avr8/avr8-gnu-toolchain/bin/../lib/gcc/avr/5.4.0/avr5\libgcc.a(_copy_data.o)
 .text.libgcc.prologue
                0x00000000        0x0 c:/program files (x86)/atmel/studio/7.0/toolchain/avr8/avr8-gnu-toolchain/bin/../lib/gcc/avr/5.4.0/avr5\libgcc.a(_copy_data.o)
 .text.libgcc.builtins
                0x00000000        0x0 c:/program files (x86)/atmel/studio/7.0/toolchain/avr8/avr8-gnu-toolchain/bin/../lib/gcc/avr/5.4.0/avr5\libgcc.a(_copy_data.o)
 .text.libgcc.fmul
                0x00000000        0x0 c:/program files (x86)/atmel/studio/7.0/toolchain/avr8/avr8-gnu-toolchain/bin/../lib/gcc/avr/5.4.0/avr5\libgcc.a(_copy_data.o)
 .text.libgcc.fixed
                0x00000000        0x0 c:/program files (x86)/atmel/studio/7.0/toolchain/avr8/avr8-gnu-toolchain/bin/../lib/gcc/avr/5.4.0/avr5\libgcc.a(_copy_data.o)
 .text          0x00000000        0x0 c:/program files (x86)/atmel/studio/7.0/toolchain/avr8/avr8-gnu-toolchain/bin/../lib/gcc/avr/5.4.0/avr5\libgcc.a(_clear_bss.o)
 .data          0x00000000        0x0 c:/program files (x86)/atmel/studio/7.0/toolchain/avr8/avr8-gnu-toolchain/bin/../lib/gcc/avr/5.4.0/avr5\libgcc.a(_clear_bss.o)
 .bss           0x00000000        0x0 c:/program files (x86)/atmel/studio/7.0/toolchain/avr8/avr8-gnu-toolchain/bin/../lib/gcc/avr/5.4.0/avr5\libgcc.a(_clear_bss.o)
 .text.libgcc.mul
                0x00000000        0x0 c:/program files (x86)/atmel/studio/7.0/toolchain/avr8/avr8-gnu-toolchain/bin/../lib/gcc/avr/5.4.0/avr5\libgcc.a(_clear_bss.o)
 .text.libgcc.div
                0x00000000        0x0 c:/program files (x86)/atmel/studio/7.0/toolchain/avr8/avr8-gnu-toolchain/bin/../lib/gcc/avr/5.4.0/avr5\libgcc.a(_clear_bss.o)
 .text.libgcc   0x00000000        0x0 c:/program files (x86)/atmel/studio/7.0/toolchain/avr8/avr8-gnu-toolchain/bin/../lib/gcc/avr/5.4.0/avr5\libgcc.a(_clear_bss.o)
 .text.libgcc.prologue
                0x00000000        0x0 c:/program files (x86)/atmel/studio/7.0/toolchain/avr8/avr8-gnu-toolchain/bin/../lib/gcc/avr/5.4.0/avr5\libgcc.a(_clear_bss.o)
 .text.libgcc.builtins
                0x00000000        0x0 c:/program files (x86)/atmel/studio/7.0/toolchain/avr8/avr8-gnu-toolchain/bin/../lib/gcc/avr/5.4.0/avr5\libgcc.a(_clear_bss.o)
 .text.libgcc.fmul
                0x00000000        0x0 c:/program files (x86)/atmel/studio/7.0/toolchain/avr8/avr8-gnu-toolchain/bin/../lib/gcc/avr/5.4.0/avr5\libgcc.a(_clear_bss.o)
 .text.libgcc.fixed
                0x00000000        0x0 c:/program files (x86)/atmel/studio/7.0/toolchain/avr8/avr8-gnu-toolchain/bin/../lib/gcc/avr/5.4.0/avr5\libgcc.a(_clear_bss.o)
 .text          0x00000000        0x0 c:/program files (x86)/atmel/studio/7.0/toolchain/avr8/avr8-gnu-toolchain/bin/../lib/gcc/avr/5.4.0/../../../../avr/lib/avr5\libc.a(memcpy.o)
 .data          0x00000000        0x0 c:/program files (x86)/atmel/studio/7.0/toolchain/avr8/avr8-gnu-toolchain/bin/../lib/gcc/avr/5.4.0/../../../../avr/lib/avr5\libc.a(memcpy.o)
 .bss           0x00000000        0x0 c:/program files (x86)/atmel/studio/7.0/toolchain/avr8/avr8-gnu-toolchain/bin/../lib/gcc/avr/5.4.0/../../../../avr/lib/avr5\libc.a(memcpy.o)
 .text.avr-libc
                0x00000000       0x12 c:/program files (x86)/atmel/studio/7.0/toolchain/avr8/avr8-gnu-toolchain/bin/../lib/gcc/avr/5.4.0/../../../../avr/lib/avr5\libc.a(memcpy.o)

Memory Configuration

Name             Origin             Length             Attributes
text             0x00000000         0x00008000         xr
data             0x00800060         0x00000800         rw !x
eeprom           0x00810000         0x00000400         rw !x
fuse             0x00820000         0x00000002         rw !x
lock             0x00830000         0x00000400         rw !x
signature        0x00840000         0x00000400         rw !x
user_signatures  0x00850000         0x00000400         rw !x
*default*        0x00000000         0xffffffff

Linker script and memory map

LOAD C:/Program Files (x86)/Atmel/Studio/7.0/Packs/atmel/ATmega_DFP/1.6.364/gcc/dev/atmega32/avr5/crtatmega32.o
LOAD lib/croutine.o
LOAD lib/event_groups.o
LOAD lib/heap_1.o
LOAD lib/list.o
LOAD lib/port.o
LOAD lib/queue.o
LOAD lib/stream_buffer.o
LOAD lib/tasks.o
LOAD lib/timers.o
LOAD src/uCConfig/uCConfigPorts.o
LOAD src/module/moduleStartTasks.o
LOAD src/module/module.o
LOAD test/FreeRTOSmain.o
START GROUP
LOAD c:/program files (x86)/atmel/studio/7.0/toolchain/avr8/avr8-gnu-toolchain/bin/../lib/gcc/avr/5.4.0/../../../../avr/lib/avr5\libm.a
END GROUP
LOAD c:/program files (x86)/atmel/studio/7.0/toolchain/avr8/avr8-gnu-toolchain/bin/../lib/gcc/avr/5.4.0/avr5\libgcc.a
LOAD c:/program files (x86)/atmel/studio/7.0/toolchain/avr8/avr8-gnu-toolchain/bin/../lib/gcc/avr/5.4.0/../../../../avr/lib/avr5\libm.a
START GROUP
LOAD c:/program files (x86)/atmel/studio/7.0/toolchain/avr8/avr8-gnu-toolchain/bin/../lib/gcc/avr/5.4.0/avr5\libgcc.a
LOAD c:/program files (x86)/atmel/studio/7.0/toolchain/avr8/avr8-gnu-toolchain/bin/../lib/gcc/avr/5.4.0/../../../../avr/lib/avr5\libm.a
LOAD c:/program files (x86)/atmel/studio/7.0/toolchain/avr8/avr8-gnu-toolchain/bin/../lib/gcc/avr/5.4.0/../../../../avr/lib/avr5\libc.a
LOAD C:/Program Files (x86)/Atmel/Studio/7.0/Packs/atmel/ATmega_DFP/1.6.364/gcc/dev/atmega32/avr5\libatmega32.a
END GROUP
                0x00000000                __TEXT_REGION_ORIGIN__ = DEFINED (__TEXT_REGION_ORIGIN__)?__TEXT_REGION_ORIGIN__:0x0
                [0x00800060]                __DATA_REGION_ORIGIN__ = DEFINED (__DATA_REGION_ORIGIN__)?__DATA_REGION_ORIGIN__:0x800060
                [0x00008000]                __TEXT_REGION_LENGTH__ = DEFINED (__TEXT_REGION_LENGTH__)?__TEXT_REGION_LENGTH__:0x20000
                [0x00000800]                __DATA_REGION_LENGTH__ = DEFINED (__DATA_REGION_LENGTH__)?__DATA_REGION_LENGTH__:0xffa0
                [0x00000400]                __EEPROM_REGION_LENGTH__ = DEFINED (__EEPROM_REGION_LENGTH__)?__EEPROM_REGION_LENGTH__:0x10000
                [0x00000002]                __FUSE_REGION_LENGTH__ = DEFINED (__FUSE_REGION_LENGTH__)?__FUSE_REGION_LENGTH__:0x400
                0x00000400                __LOCK_REGION_LENGTH__ = DEFINED (__LOCK_REGION_LENGTH__)?__LOCK_REGION_LENGTH__:0x400
                0x00000400                __SIGNATURE_REGION_LENGTH__ = DEFINED (__SIGNATURE_REGION_LENGTH__)?__SIGNATURE_REGION_LENGTH__:0x400
                0x00000400                __USER_SIGNATURE_REGION_LENGTH__ = DEFINED (__USER_SIGNATURE_REGION_LENGTH__)?__USER_SIGNATURE_REGION_LENGTH__:0x400

.hash
 *(.hash)

.dynsym
 *(.dynsym)

.dynstr
 *(.dynstr)

.gnu.version
 *(.gnu.version)

.gnu.version_d
 *(.gnu.version_d)

.gnu.version_r
 *(.gnu.version_r)

.rel.init
 *(.rel.init)

.rela.init
 *(.rela.init)

.rel.text
 *(.rel.text)
 *(.rel.text.*)
 *(.rel.gnu.linkonce.t*)

.rela.text
 *(.rela.text)
 *(.rela.text.*)
 *(.rela.gnu.linkonce.t*)

.rel.fini
 *(.rel.fini)

.rela.fini
 *(.rela.fini)

.rel.rodata
 *(.rel.rodata)
 *(.rel.rodata.*)
 *(.rel.gnu.linkonce.r*)

.rela.rodata
 *(.rela.rodata)
 *(.rela.rodata.*)
 *(.rela.gnu.linkonce.r*)

.rel.data
 *(.rel.data)
 *(.rel.data.*)
 *(.rel.gnu.linkonce.d*)

.rela.data
 *(.rela.data)
 *(.rela.data.*)
 *(.rela.gnu.linkonce.d*)

.rel.ctors
 *(.rel.ctors)

.rela.ctors
 *(.rela.ctors)

.rel.dtors
 *(.rel.dtors)

.rela.dtors
 *(.rela.dtors)

.rel.got
 *(.rel.got)

.rela.got
 *(.rela.got)

.rel.bss
 *(.rel.bss)

.rela.bss
 *(.rela.bss)

.rel.plt
 *(.rel.plt)

.rela.plt
 *(.rela.plt)

.text           0x00000000      0xd1a
 *(.vectors)
 .vectors       0x00000000       0x54 C:/Program Files (x86)/Atmel/Studio/7.0/Packs/atmel/ATmega_DFP/1.6.364/gcc/dev/atmega32/avr5/crtatmega32.o
                0x00000000                __vector_default
                0x00000000                __vectors
 *(.vectors)
 *(.progmem.gcc*)
                0x00000054                . = ALIGN (0x2)
                0x00000054                __trampolines_start = .
 *(.trampolines)
 .trampolines   0x00000054        0x0 linker stubs
 *(.trampolines*)
                0x00000054                __trampolines_end = .
 *libprintf_flt.a:*(.progmem.data)
 *libc.a:*(.progmem.data)
 *(.progmem*)
                0x00000054                . = ALIGN (0x2)
 *(.jumptables)
 *(.jumptables*)
 *(.lowtext)
 *(.lowtext*)
                0x00000054                __ctors_start = .
 *(.ctors)
                0x00000054                __ctors_end = .
                0x00000054                __dtors_start = .
 *(.dtors)
                0x00000054                __dtors_end = .
 SORT(*)(.ctors)
 SORT(*)(.dtors)
 *(.init0)
 .init0         0x00000054        0x0 C:/Program Files (x86)/Atmel/Studio/7.0/Packs/atmel/ATmega_DFP/1.6.364/gcc/dev/atmega32/avr5/crtatmega32.o
                0x00000054                __init
 *(.init0)
 *(.init1)
 *(.init1)
 *(.init2)
 .init2         0x00000054        0xc C:/Program Files (x86)/Atmel/Studio/7.0/Packs/atmel/ATmega_DFP/1.6.364/gcc/dev/atmega32/avr5/crtatmega32.o
 *(.init2)
 *(.init3)
 *(.init3)
 *(.init4)
 .init4         0x00000060       0x16 c:/program files (x86)/atmel/studio/7.0/toolchain/avr8/avr8-gnu-toolchain/bin/../lib/gcc/avr/5.4.0/avr5\libgcc.a(_copy_data.o)
                0x00000060                __do_copy_data
 .init4         0x00000076       0x10 c:/program files (x86)/atmel/studio/7.0/toolchain/avr8/avr8-gnu-toolchain/bin/../lib/gcc/avr/5.4.0/avr5\libgcc.a(_clear_bss.o)
                0x00000076                __do_clear_bss
 *(.init4)
 *(.init5)
 *(.init5)
 *(.init6)
 *(.init6)
 *(.init7)
 *(.init7)
 *(.init8)
 *(.init8)
 *(.init9)
 .init9         0x00000086        0x8 C:/Program Files (x86)/Atmel/Studio/7.0/Packs/atmel/ATmega_DFP/1.6.364/gcc/dev/atmega32/avr5/crtatmega32.o
 *(.init9)
 *(.text)
 .text          0x0000008e        0x4 C:/Program Files (x86)/Atmel/Studio/7.0/Packs/atmel/ATmega_DFP/1.6.364/gcc/dev/atmega32/avr5/crtatmega32.o
                0x0000008e                __vector_1
                0x0000008e                __vector_12
                0x0000008e                __bad_interrupt
                0x0000008e                __vector_6
                0x0000008e                __vector_3
                0x0000008e                __vector_11
                0x0000008e                __vector_13
                0x0000008e                __vector_17
                0x0000008e                __vector_19
                0x0000008e                __vector_5
                0x0000008e                __vector_4
                0x0000008e                __vector_9
                0x0000008e                __vector_2
                0x0000008e                __vector_15
                0x0000008e                __vector_8
                0x0000008e                __vector_14
                0x0000008e                __vector_10
                0x0000008e                __vector_16
                0x0000008e                __vector_18
                0x0000008e                __vector_20
                0x00000092                . = ALIGN (0x2)
 *(.text.*)
 .text.pvPortMalloc
                0x00000092       0x74 lib/heap_1.o
                0x00000092                pvPortMalloc
 .text.vPortFree
                0x00000106        0x2 lib/heap_1.o
                0x00000106                vPortFree
 .text.vListInitialise
                0x00000108       0x1c lib/list.o
                0x00000108                vListInitialise
 .text.vListInitialiseItem
                0x00000124        0x8 lib/list.o
                0x00000124                vListInitialiseItem
 .text.uxListRemove
                0x0000012c       0x4e lib/list.o
                0x0000012c                uxListRemove
 .text.prvSetupTimerInterrupt
                0x0000017a       0x12 lib/port.o
 .text.pxPortInitialiseStack
                0x0000018c       0xd8 lib/port.o
                0x0000018c                pxPortInitialiseStack
 .text.xPortStartScheduler
                0x00000264       0x5e lib/port.o
                0x00000264                xPortStartScheduler
 .text.vPortYield
                0x000002c2       0xb2 lib/port.o
                0x000002c2                vPortYield
 .text.vPortYieldFromTick
                0x00000374       0xb8 lib/port.o
                0x00000374                vPortYieldFromTick
 .text.__vector_7
                0x0000042c        0x6 lib/port.o
                0x0000042c                __vector_7
 .text.prvResetNextTaskUnblockTime
                0x00000432       0x38 lib/tasks.o
 .text.prvDeleteTCB
                0x0000046a       0x1a lib/tasks.o
 .text.prvInitialiseNewTask
                0x00000484       0xfc lib/tasks.o
 .text.prvInitialiseTaskLists
                0x00000580       0x66 lib/tasks.o
 .text.prvAddNewTaskToReadyList
                0x000005e6       0xfa lib/tasks.o
 .text.prvCheckTasksWaitingTermination
                0x000006e0       0x4c lib/tasks.o
 .text.prvIdleTask
                0x0000072c       0x12 lib/tasks.o
 .text.xTaskCreate
                0x0000073e       0xa8 lib/tasks.o
                0x0000073e                xTaskCreate
 .text.vTaskStartScheduler
                0x000007e6       0x58 lib/tasks.o
                0x000007e6                vTaskStartScheduler
 .text.vTaskSuspendAll
                0x0000083e        0xc lib/tasks.o
                0x0000083e                vTaskSuspendAll
 .text.xTaskIncrementTick
                0x0000084a      0x234 lib/tasks.o
                0x0000084a                xTaskIncrementTick
 .text.xTaskResumeAll
                0x00000a7e      0x1aa lib/tasks.o
                0x00000a7e                xTaskResumeAll
 .text.vTaskSwitchContext
                0x00000c28       0xa8 lib/tasks.o
                0x00000c28                vTaskSwitchContext
 .text.uCConfigPorts
                0x00000cd0        0x2 src/uCConfig/uCConfigPorts.o
                0x00000cd0                uCConfigPorts
 .text.moduleStartTasks
                0x00000cd2       0x2e src/module/moduleStartTasks.o
                0x00000cd2                moduleStartTasks
 .text.module   0x00000d00        0x2 src/module/module.o
                0x00000d00                module
 .text.main     0x00000d02       0x14 test/FreeRTOSmain.o
                0x00000d02                main
                0x00000d16                . = ALIGN (0x2)
 *(.fini9)
 .fini9         0x00000d16        0x0 c:/program files (x86)/atmel/studio/7.0/toolchain/avr8/avr8-gnu-toolchain/bin/../lib/gcc/avr/5.4.0/avr5\libgcc.a(_exit.o)
                0x00000d16                _exit
                0x00000d16                exit
 *(.fini9)
 *(.fini8)
 *(.fini8)
 *(.fini7)
 *(.fini7)
 *(.fini6)
 *(.fini6)
 *(.fini5)
 *(.fini5)
 *(.fini4)
 *(.fini4)
 *(.fini3)
 *(.fini3)
 *(.fini2)
 *(.fini2)
 *(.fini1)
 *(.fini1)
 *(.fini0)
 .fini0         0x00000d16        0x4 c:/program files (x86)/atmel/studio/7.0/toolchain/avr8/avr8-gnu-toolchain/bin/../lib/gcc/avr/5.4.0/avr5\libgcc.a(_exit.o)
 *(.fini0)
                0x00000d1a                _etext = .

.data           0x00800060       0x10 load address 0x00000d1a
                0x00800060                PROVIDE (__data_start, .)
 *(.data)
 *(.data*)
 .data.uxTopUsedPriority
                0x00800060        0x1 lib/tasks.o
                0x00800060                uxTopUsedPriority
 *(.gnu.linkonce.d*)
 *(.rodata)
 *(.rodata*)
 .rodata.str1.1
                0x00800061        0x5 lib/tasks.o
 .rodata.str1.1
                0x00800066        0x9 src/module/moduleStartTasks.o
 *(.gnu.linkonce.r*)
                0x00800070                . = ALIGN (0x2)
 *fill*         0x0080006f        0x1 
                0x00800070                _edata = .
                0x00800070                PROVIDE (__data_end, .)

.bss            0x00800070      0x63e
                0x00800070                PROVIDE (__bss_start, .)
 *(.bss)
 *(.bss*)
 .bss.pucAlignedHeap.2107
                0x00800070        0x2 lib/heap_1.o
 .bss.xNextFreeByte
                0x00800072        0x2 lib/heap_1.o
 .bss.ucHeap    0x00800074      0x5dc lib/heap_1.o
 .bss.uxSchedulerSuspended
                0x00800650        0x1 lib/tasks.o
 .bss.xIdleTaskHandle
                0x00800651        0x2 lib/tasks.o
 .bss.xNextTaskUnblockTime
                0x00800653        0x2 lib/tasks.o
 .bss.uxTaskNumber
                0x00800655        0x1 lib/tasks.o
 .bss.xNumOfOverflows
                0x00800656        0x1 lib/tasks.o
 .bss.xYieldPending
                0x00800657        0x1 lib/tasks.o
 .bss.xPendedTicks
                0x00800658        0x2 lib/tasks.o
 .bss.xSchedulerRunning
                0x0080065a        0x1 lib/tasks.o
 .bss.uxTopReadyPriority
                0x0080065b        0x1 lib/tasks.o
 .bss.xTickCount
                0x0080065c        0x2 lib/tasks.o
 .bss.uxCurrentNumberOfTasks
                0x0080065e        0x1 lib/tasks.o
 .bss.uxDeletedTasksWaitingCleanUp
                0x0080065f        0x1 lib/tasks.o
 .bss.xTasksWaitingTermination
                0x00800660        0x9 lib/tasks.o
 .bss.xPendingReadyList
                0x00800669        0x9 lib/tasks.o
 .bss.pxOverflowDelayedTaskList
                0x00800672        0x2 lib/tasks.o
 .bss.pxDelayedTaskList
                0x00800674        0x2 lib/tasks.o
 .bss.xDelayedTaskList2
                0x00800676        0x9 lib/tasks.o
 .bss.xDelayedTaskList1
                0x0080067f        0x9 lib/tasks.o
 .bss.pxReadyTasksLists
                0x00800688       0x24 lib/tasks.o
 .bss.pxCurrentTCB
                0x008006ac        0x2 lib/tasks.o
                0x008006ac                pxCurrentTCB
 *(COMMON)
                0x008006ae                PROVIDE (__bss_end, .)
                0x00000d1a                __data_load_start = LOADADDR (.data)
                0x00000d2a                __data_load_end = (__data_load_start + SIZEOF (.data))

.noinit         0x008006ae        0x0
                [!provide]                PROVIDE (__noinit_start, .)
 *(.noinit*)
                [!provide]                PROVIDE (__noinit_end, .)
                0x008006ae                _end = .
                [!provide]                PROVIDE (__heap_start, .)

.eeprom         0x00810000        0x0
 *(.eeprom*)
                0x00810000                __eeprom_end = .

.fuse
 *(.fuse)
 *(.lfuse)
 *(.hfuse)
 *(.efuse)

.lock
 *(.lock*)

.signature
 *(.signature*)

.user_signatures
 *(.user_signatures*)

.stab
 *(.stab)

.stabstr
 *(.stabstr)

.stab.excl
 *(.stab.excl)

.stab.exclstr
 *(.stab.exclstr)

.stab.index
 *(.stab.index)

.stab.indexstr
 *(.stab.indexstr)

.comment        0x00000000       0x30
 *(.comment)
 .comment       0x00000000       0x30 lib/heap_1.o
                                 0x31 (size before relaxing)
 .comment       0x00000030       0x31 lib/list.o
 .comment       0x00000030       0x31 lib/port.o
 .comment       0x00000030       0x31 lib/tasks.o
 .comment       0x00000030       0x31 src/uCConfig/uCConfigPorts.o
 .comment       0x00000030       0x31 src/module/moduleStartTasks.o
 .comment       0x00000030       0x31 src/module/module.o
 .comment       0x00000030       0x31 test/FreeRTOSmain.o

.note.gnu.avr.deviceinfo
                0x00000000       0x3c
 .note.gnu.avr.deviceinfo
                0x00000000       0x3c C:/Program Files (x86)/Atmel/Studio/7.0/Packs/atmel/ATmega_DFP/1.6.364/gcc/dev/atmega32/avr5/crtatmega32.o

.note.gnu.build-id
 *(.note.gnu.build-id)

.debug
 *(.debug)

.line
 *(.line)

.debug_srcinfo
 *(.debug_srcinfo)

.debug_sfnames
 *(.debug_sfnames)

.debug_aranges  0x00000000      0x298
 *(.debug_aranges)
 .debug_aranges
                0x00000000       0x38 lib/heap_1.o
 .debug_aranges
                0x00000038       0x40 lib/list.o
 .debug_aranges
                0x00000078       0x50 lib/port.o
 .debug_aranges
                0x000000c8      0x150 lib/tasks.o
 .debug_aranges
                0x00000218       0x20 src/uCConfig/uCConfigPorts.o
 .debug_aranges
                0x00000238       0x20 src/module/moduleStartTasks.o
 .debug_aranges
                0x00000258       0x20 src/module/module.o
 .debug_aranges
                0x00000278       0x20 test/FreeRTOSmain.o

.debug_pubnames
 *(.debug_pubnames)

.debug_info     0x00000000     0x286c
 *(.debug_info .gnu.linkonce.wi.*)
 .debug_info    0x00000000      0x4e6 C:/Program Files (x86)/Atmel/Studio/7.0/Packs/atmel/ATmega_DFP/1.6.364/gcc/dev/atmega32/avr5/crtatmega32.o
 .debug_info    0x000004e6      0x1a4 lib/heap_1.o
 .debug_info    0x0000068a      0x2d8 lib/list.o
 .debug_info    0x00000962      0x24e lib/port.o
 .debug_info    0x00000bb0     0x1991 lib/tasks.o
 .debug_info    0x00002541       0x40 src/uCConfig/uCConfigPorts.o
 .debug_info    0x00002581      0x140 src/module/moduleStartTasks.o
 .debug_info    0x000026c1       0xc4 src/module/module.o
 .debug_info    0x00002785       0xe7 test/FreeRTOSmain.o

.debug_abbrev   0x00000000      0xcc7
 *(.debug_abbrev)
 .debug_abbrev  0x00000000      0x4a3 C:/Program Files (x86)/Atmel/Studio/7.0/Packs/atmel/ATmega_DFP/1.6.364/gcc/dev/atmega32/avr5/crtatmega32.o
 .debug_abbrev  0x000004a3      0x11c lib/heap_1.o
 .debug_abbrev  0x000005bf       0xff lib/list.o
 .debug_abbrev  0x000006be      0x143 lib/port.o
 .debug_abbrev  0x00000801      0x294 lib/tasks.o
 .debug_abbrev  0x00000a95       0x2e src/uCConfig/uCConfigPorts.o
 .debug_abbrev  0x00000ac3       0xd8 src/module/moduleStartTasks.o
 .debug_abbrev  0x00000b9b       0x8f src/module/module.o
 .debug_abbrev  0x00000c2a       0x9d test/FreeRTOSmain.o

.debug_line     0x00000000     0x1a14
 *(.debug_line .debug_line.* .debug_line_end)
 .debug_line    0x00000000      0x116 C:/Program Files (x86)/Atmel/Studio/7.0/Packs/atmel/ATmega_DFP/1.6.364/gcc/dev/atmega32/avr5/crtatmega32.o
 .debug_line    0x00000116      0x1cd lib/heap_1.o
 .debug_line    0x000002e3      0x21d lib/list.o
 .debug_line    0x00000500      0x2ea lib/port.o
 .debug_line    0x000007ea      0xfc8 lib/tasks.o
 .debug_line    0x000017b2       0x4d src/uCConfig/uCConfigPorts.o
 .debug_line    0x000017ff       0xa8 src/module/moduleStartTasks.o
 .debug_line    0x000018a7       0x56 src/module/module.o
 .debug_line    0x000018fd      0x117 test/FreeRTOSmain.o

.debug_frame    0x00000000      0x718
 *(.debug_frame)
 .debug_frame   0x00000000       0x60 lib/heap_1.o
 .debug_frame   0x00000060       0x88 lib/list.o
 .debug_frame   0x000000e8       0x84 lib/port.o
 .debug_frame   0x0000016c      0x50c lib/tasks.o
 .debug_frame   0x00000678       0x24 src/uCConfig/uCConfigPorts.o
 .debug_frame   0x0000069c       0x34 src/module/moduleStartTasks.o
 .debug_frame   0x000006d0       0x24 src/module/module.o
 .debug_frame   0x000006f4       0x24 test/FreeRTOSmain.o

.debug_str      0x00000000      0xf6a
 *(.debug_str)
 .debug_str     0x00000000      0x196 C:/Program Files (x86)/Atmel/Studio/7.0/Packs/atmel/ATmega_DFP/1.6.364/gcc/dev/atmega32/avr5/crtatmega32.o
 .debug_str     0x00000196      0x1ed lib/heap_1.o
                                0x226 (size before relaxing)
 .debug_str     0x00000383      0x142 lib/list.o
                                0x2b5 (size before relaxing)
 .debug_str     0x000004c5      0x123 lib/port.o
                                0x2ae (size before relaxing)
 .debug_str     0x000005e8      0x8a9 lib/tasks.o
                                0xc3e (size before relaxing)
 .debug_str     0x00000e91       0x2e src/uCConfig/uCConfigPorts.o
                                0x11d (size before relaxing)
 .debug_str     0x00000ebf       0x64 src/module/moduleStartTasks.o
                                0x20d (size before relaxing)
 .debug_str     0x00000f23       0x2b src/module/module.o
                                0x1bd (size before relaxing)
 .debug_str     0x00000f4e       0x1c test/FreeRTOSmain.o
                                0x1bf (size before relaxing)

.debug_loc      0x00000000     0x22c8
 *(.debug_loc)
 .debug_loc     0x00000000      0x10f lib/heap_1.o
 .debug_loc     0x0000010f      0x145 lib/list.o
 .debug_loc     0x00000254      0x2a0 lib/port.o
 .debug_loc     0x000004f4     0x1d44 lib/tasks.o
 .debug_loc     0x00002238       0x90 src/module/moduleStartTasks.o

.debug_macinfo
 *(.debug_macinfo)

.debug_weaknames
 *(.debug_weaknames)

.debug_funcnames
 *(.debug_funcnames)

.debug_typenames
 *(.debug_typenames)

.debug_varnames
 *(.debug_varnames)

.debug_pubtypes
 *(.debug_pubtypes)

.debug_ranges   0x00000000      0x258
 *(.debug_ranges)
 .debug_ranges  0x00000000       0x28 lib/heap_1.o
 .debug_ranges  0x00000028       0x30 lib/list.o
 .debug_ranges  0x00000058       0x40 lib/port.o
 .debug_ranges  0x00000098      0x180 lib/tasks.o
 .debug_ranges  0x00000218       0x10 src/uCConfig/uCConfigPorts.o
 .debug_ranges  0x00000228       0x10 src/module/moduleStartTasks.o
 .debug_ranges  0x00000238       0x10 src/module/module.o
 .debug_ranges  0x00000248       0x10 test/FreeRTOSmain.o

.debug_macro
 *(.debug_macro)
OUTPUT(FreeRTOSCpp.elf elf32-avr)
LOAD linker stubs
